CCS PCH C Compiler, Version 5.076, 56587               14-Dec-24 19:33

               Filename:   C:\Users\Persona\Documents\Universidad\Servicio\Probador_Componentes_Electronicos\Probador184550.lst

               ROM used:   4882 bytes (15%)
                           Largest free fragment is 27882
               RAM used:   64 (3%) at main() level
                           108 (5%) worst case
               Stack used: 13 locations (6 in main + 7 for interrupts)
               Stack size: 31

*
0000:  GOTO   0AF6
*
0008:  MOVWF  04
000A:  MOVFF  FD8,05
000E:  MOVFF  FE0,06
0012:  MOVLB  0
0014:  MOVFF  FE9,0C
0018:  MOVFF  FEA,07
001C:  MOVFF  FE1,08
0020:  MOVFF  FE2,09
0024:  MOVFF  FD9,0A
0028:  MOVFF  FDA,0B
002C:  MOVFF  FF3,12
0030:  MOVFF  FF4,13
0034:  MOVFF  FFA,14
0038:  MOVFF  FF5,15
003C:  MOVFF  FF6,16
0040:  MOVFF  FF7,17
0044:  MOVFF  00,0E
0048:  MOVFF  01,0F
004C:  MOVFF  02,10
0050:  MOVFF  03,11
0054:  BTFSS  FF2.5
0056:  GOTO   0060
005A:  BTFSC  FF2.2
005C:  GOTO   0300
0060:  BTFSS  FF0.4
0062:  GOTO   006C
0066:  BTFSC  FF0.1
0068:  GOTO   00CE
006C:  MOVFF  0E,00
0070:  MOVFF  0F,01
0074:  MOVFF  10,02
0078:  MOVFF  11,03
007C:  MOVFF  0C,FE9
0080:  MOVFF  07,FEA
0084:  BSF    07.7
0086:  MOVFF  08,FE1
008A:  MOVFF  09,FE2
008E:  MOVFF  0A,FD9
0092:  MOVFF  0B,FDA
0096:  MOVFF  12,FF3
009A:  MOVFF  13,FF4
009E:  MOVFF  14,FFA
00A2:  MOVFF  15,FF5
00A6:  MOVFF  16,FF6
00AA:  MOVFF  17,FF7
00AE:  MOVF   04,W
00B0:  MOVFF  06,FE0
00B4:  MOVFF  05,FD8
00B8:  RETFIE 0
.................... #include <18f4550.h> 
.................... //////////// Standard Header file for the PIC18F4550 device //////////////// 
.................... /////////////////////////////////////////////////////////////////////////// 
.................... ////        (C) Copyright 1996, 2014 Custom Computer Services          //// 
.................... //// This source code may only be used by licensed users of the CCS C  //// 
.................... //// compiler.  This source code may only be distributed to other      //// 
.................... //// licensed users of the CCS C compiler.  No other use, reproduction //// 
.................... //// or distribution is permitted without written permission.          //// 
.................... //// Derivative programs created using this software in object code    //// 
.................... //// form are not restricted in any way.                               //// 
.................... /////////////////////////////////////////////////////////////////////////// 
.................... #device PIC18F4550 
00BA:  CLRF   FF7
00BC:  ADDLW  CA
00BE:  MOVWF  FF6
00C0:  MOVLW  00
00C2:  ADDWFC FF7,F
00C4:  TBLRD*+
00C6:  MOVF   FF5,W
00C8:  RETURN 0
00CA:  DATA 28,0C
00CC:  DATA 01,06
*
02E0:  TBLRD*+
02E2:  MOVF   FF5,F
02E4:  BZ    02FE
02E6:  MOVFF  FF6,5B
02EA:  MOVFF  FF7,5C
02EE:  MOVFF  FF5,5D
02F2:  RCALL  029E
02F4:  MOVFF  5B,FF6
02F8:  MOVFF  5C,FF7
02FC:  BRA    02E0
02FE:  RETURN 0
*
0336:  DATA 20,55
0338:  DATA 4E,45
033A:  DATA 58,50
033C:  DATA 4F,00
033E:  DATA 20,4D
0340:  DATA 45,4E
0342:  DATA 55,20
0344:  DATA 50,52
0346:  DATA 49,4E
0348:  DATA 43,49
034A:  DATA 50,41
034C:  DATA 4C,00
034E:  DATA 20,31
0350:  DATA 3E,41
0352:  DATA 44,36
0354:  DATA 32,30
0356:  DATA 20,33
0358:  DATA 3E,4E
035A:  DATA 45,58
035C:  DATA 54,00
035E:  DATA 20,41
0360:  DATA 44,36
0362:  DATA 32,30
0364:  DATA 20,54
0366:  DATA 65,73
0368:  DATA 74,69
036A:  DATA 6E,67
036C:  DATA 2E,2E
036E:  DATA 2E,00
0370:  DATA 20,56
0372:  DATA 3A,25
0374:  DATA 30,2E
0376:  DATA 32,66
0378:  DATA 2E,20
037A:  DATA 32,3E
037C:  DATA 52,65
037E:  DATA 74,00
0380:  DATA 20,31
0382:  DATA 3E,35
0384:  DATA 35,35
0386:  DATA 20,32
0388:  DATA 3E,4C
038A:  DATA 4D,32
038C:  DATA 32,34
038E:  DATA 00,00
0390:  DATA 20,34
0392:  DATA 3E,37
0394:  DATA 34,31
0396:  DATA 20,33
0398:  DATA 3E,50
039A:  DATA 61,67
039C:  DATA 2E,53
039E:  DATA 69,67
03A0:  DATA 2E,00
03A2:  DATA 20,35
03A4:  DATA 35,35
03A6:  DATA 20,54
03A8:  DATA 65,73
03AA:  DATA 74,69
03AC:  DATA 6E,67
03AE:  DATA 2E,2E
03B0:  DATA 2E,00
03B2:  DATA 20,32
03B4:  DATA 3E,56
03B6:  DATA 6F,6C
03B8:  DATA 76,65
03BA:  DATA 72,00
03BC:  DATA 4D,61
03BE:  DATA 6C,6F
03C0:  DATA 20,25
03C2:  DATA 69,00
03C4:  DATA 20,32
03C6:  DATA 3E,56
03C8:  DATA 6F,6C
03CA:  DATA 76,65
03CC:  DATA 72,00
03CE:  DATA 42,75
03D0:  DATA 65,6E
03D2:  DATA 6F,20
03D4:  DATA 25,69
03D6:  DATA 00,00
03D8:  DATA 20,32
03DA:  DATA 3E,56
03DC:  DATA 6F,6C
03DE:  DATA 76,65
03E0:  DATA 72,00
03E2:  DATA 20,52
03E4:  DATA 65,67
03E6:  DATA 72,65
03E8:  DATA 73,61
03EA:  DATA 6E,64
03EC:  DATA 6F,2E
03EE:  DATA 2E,2E
03F0:  DATA 00,00
03F2:  DATA 20,4C
03F4:  DATA 4D,32
03F6:  DATA 32,34
03F8:  DATA 20,54
03FA:  DATA 65,73
03FC:  DATA 74,69
03FE:  DATA 6E,67
0400:  DATA 2E,2E
0402:  DATA 2E,00
0404:  DATA 20,32
0406:  DATA 3E,56
0408:  DATA 6F,6C
040A:  DATA 76,65
040C:  DATA 72,00
040E:  DATA 20,52
0410:  DATA 65,67
0412:  DATA 72,65
0414:  DATA 73,61
0416:  DATA 6E,64
0418:  DATA 6F,2E
041A:  DATA 2E,2E
041C:  DATA 00,00
041E:  DATA 20,37
0420:  DATA 34,31
0422:  DATA 20,54
0424:  DATA 65,73
0426:  DATA 74,69
0428:  DATA 6E,67
042A:  DATA 2E,2E
042C:  DATA 2E,00
042E:  DATA 20,32
0430:  DATA 3E,56
0432:  DATA 6F,6C
0434:  DATA 76,65
0436:  DATA 72,00
0438:  DATA 20,52
043A:  DATA 65,67
043C:  DATA 72,65
043E:  DATA 73,61
0440:  DATA 6E,64
0442:  DATA 6F,2E
0444:  DATA 2E,2E
0446:  DATA 00,00
0448:  DATA 20,31
044A:  DATA 3E,4C
044C:  DATA 4D,33
044E:  DATA 35,38
0450:  DATA 20,32
0452:  DATA 3E,4C
0454:  DATA 4D,33
0456:  DATA 34,38
0458:  DATA 00,00
045A:  DATA 20,34
045C:  DATA 3E,4C
045E:  DATA 4D,33
0460:  DATA 32,34
0462:  DATA 20,33
0464:  DATA 3E,52
0466:  DATA 45,54
0468:  DATA 55,52
046A:  DATA 4E,00
046C:  DATA 20,4C
046E:  DATA 4D,33
0470:  DATA 32,34
0472:  DATA 20,54
0474:  DATA 65,73
0476:  DATA 74,69
0478:  DATA 6E,67
047A:  DATA 2E,2E
047C:  DATA 2E,00
047E:  DATA 20,32
0480:  DATA 3E,56
0482:  DATA 6F,6C
0484:  DATA 76,65
0486:  DATA 72,00
0488:  DATA 20,52
048A:  DATA 65,67
048C:  DATA 72,65
048E:  DATA 73,61
0490:  DATA 6E,64
0492:  DATA 6F,2E
0494:  DATA 2E,2E
0496:  DATA 00,00
*
0620:  MOVLW  8E
0622:  MOVWF  00
0624:  MOVFF  40,01
0628:  MOVFF  3F,02
062C:  CLRF   03
062E:  MOVF   01,F
0630:  BNZ   0644
0632:  MOVFF  02,01
0636:  CLRF   02
0638:  MOVLW  08
063A:  SUBWF  00,F
063C:  MOVF   01,F
063E:  BNZ   0644
0640:  CLRF   00
0642:  BRA    0654
0644:  BCF    FD8.0
0646:  BTFSC  01.7
0648:  BRA    0652
064A:  RLCF   02,F
064C:  RLCF   01,F
064E:  DECF   00,F
0650:  BRA    0644
0652:  BCF    01.7
0654:  GOTO   0C1A (RETURN)
0658:  MOVF   4C,W
065A:  BTFSC  FD8.2
065C:  BRA    0740
065E:  MOVWF  00
0660:  MOVF   50,W
0662:  BTFSC  FD8.2
0664:  BRA    0740
0666:  ADDWF  00,F
0668:  BNC   0672
066A:  MOVLW  81
066C:  ADDWF  00,F
066E:  BC    0740
0670:  BRA    067A
0672:  MOVLW  7F
0674:  SUBWF  00,F
0676:  BNC   0740
0678:  BZ    0740
067A:  MOVFF  4D,54
067E:  MOVF   51,W
0680:  XORWF  54,F
0682:  BSF    4D.7
0684:  BSF    51.7
0686:  MOVF   4F,W
0688:  MULWF  53
068A:  MOVFF  FF4,56
068E:  MOVF   4E,W
0690:  MULWF  52
0692:  MOVFF  FF4,03
0696:  MOVFF  FF3,55
069A:  MULWF  53
069C:  MOVF   FF3,W
069E:  ADDWF  56,F
06A0:  MOVF   FF4,W
06A2:  ADDWFC 55,F
06A4:  MOVLW  00
06A6:  ADDWFC 03,F
06A8:  MOVF   4F,W
06AA:  MULWF  52
06AC:  MOVF   FF3,W
06AE:  ADDWF  56,F
06B0:  MOVF   FF4,W
06B2:  ADDWFC 55,F
06B4:  MOVLW  00
06B6:  CLRF   02
06B8:  ADDWFC 03,F
06BA:  ADDWFC 02,F
06BC:  MOVF   4D,W
06BE:  MULWF  53
06C0:  MOVF   FF3,W
06C2:  ADDWF  55,F
06C4:  MOVF   FF4,W
06C6:  ADDWFC 03,F
06C8:  MOVLW  00
06CA:  ADDWFC 02,F
06CC:  MOVF   4D,W
06CE:  MULWF  52
06D0:  MOVF   FF3,W
06D2:  ADDWF  03,F
06D4:  MOVF   FF4,W
06D6:  ADDWFC 02,F
06D8:  MOVLW  00
06DA:  CLRF   01
06DC:  ADDWFC 01,F
06DE:  MOVF   4F,W
06E0:  MULWF  51
06E2:  MOVF   FF3,W
06E4:  ADDWF  55,F
06E6:  MOVF   FF4,W
06E8:  ADDWFC 03,F
06EA:  MOVLW  00
06EC:  ADDWFC 02,F
06EE:  ADDWFC 01,F
06F0:  MOVF   4E,W
06F2:  MULWF  51
06F4:  MOVF   FF3,W
06F6:  ADDWF  03,F
06F8:  MOVF   FF4,W
06FA:  ADDWFC 02,F
06FC:  MOVLW  00
06FE:  ADDWFC 01,F
0700:  MOVF   4D,W
0702:  MULWF  51
0704:  MOVF   FF3,W
0706:  ADDWF  02,F
0708:  MOVF   FF4,W
070A:  ADDWFC 01,F
070C:  INCF   00,F
070E:  BTFSC  01.7
0710:  BRA    071C
0712:  RLCF   55,F
0714:  RLCF   03,F
0716:  RLCF   02,F
0718:  RLCF   01,F
071A:  DECF   00,F
071C:  MOVLW  00
071E:  BTFSS  55.7
0720:  BRA    0736
0722:  INCF   03,F
0724:  ADDWFC 02,F
0726:  ADDWFC 01,F
0728:  MOVF   01,W
072A:  BNZ   0736
072C:  MOVF   02,W
072E:  BNZ   0736
0730:  MOVF   03,W
0732:  BNZ   0736
0734:  INCF   00,F
0736:  BTFSC  54.7
0738:  BSF    01.7
073A:  BTFSS  54.7
073C:  BCF    01.7
073E:  BRA    0748
0740:  CLRF   00
0742:  CLRF   01
0744:  CLRF   02
0746:  CLRF   03
0748:  RETURN 0
074A:  TBLRD*+
074C:  MOVFF  FF6,40
0750:  MOVFF  FF7,41
0754:  CLRF   19
0756:  BTFSC  FF2.7
0758:  BSF    19.7
075A:  BCF    FF2.7
075C:  MOVFF  FF5,5D
0760:  RCALL  029E
0762:  BTFSC  19.7
0764:  BSF    FF2.7
0766:  MOVFF  40,FF6
076A:  MOVFF  41,FF7
076E:  DECFSZ 3F,F
0770:  BRA    074A
0772:  RETURN 0
0774:  MOVF   4C,W
0776:  SUBLW  B6
0778:  MOVWF  4C
077A:  CLRF   03
077C:  MOVFF  4D,50
0780:  BSF    4D.7
0782:  BCF    FD8.0
0784:  RRCF   4D,F
0786:  RRCF   4E,F
0788:  RRCF   4F,F
078A:  RRCF   03,F
078C:  RRCF   02,F
078E:  RRCF   01,F
0790:  RRCF   00,F
0792:  DECFSZ 4C,F
0794:  BRA    0782
0796:  BTFSS  50.7
0798:  BRA    07B0
079A:  COMF   00,F
079C:  COMF   01,F
079E:  COMF   02,F
07A0:  COMF   03,F
07A2:  INCF   00,F
07A4:  BTFSC  FD8.2
07A6:  INCF   01,F
07A8:  BTFSC  FD8.2
07AA:  INCF   02,F
07AC:  BTFSC  FD8.2
07AE:  INCF   03,F
07B0:  GOTO   0890 (RETURN)
07B4:  BTFSC  FD8.1
07B6:  BRA    07BE
07B8:  CLRF   FEA
07BA:  MOVLW  54
07BC:  MOVWF  FE9
07BE:  CLRF   00
07C0:  CLRF   01
07C2:  CLRF   02
07C4:  CLRF   03
07C6:  CLRF   54
07C8:  CLRF   55
07CA:  CLRF   56
07CC:  CLRF   57
07CE:  MOVF   53,W
07D0:  IORWF  52,W
07D2:  IORWF  51,W
07D4:  IORWF  50,W
07D6:  BZ    0830
07D8:  MOVLW  20
07DA:  MOVWF  58
07DC:  BCF    FD8.0
07DE:  RLCF   4C,F
07E0:  RLCF   4D,F
07E2:  RLCF   4E,F
07E4:  RLCF   4F,F
07E6:  RLCF   54,F
07E8:  RLCF   55,F
07EA:  RLCF   56,F
07EC:  RLCF   57,F
07EE:  MOVF   53,W
07F0:  SUBWF  57,W
07F2:  BNZ   0804
07F4:  MOVF   52,W
07F6:  SUBWF  56,W
07F8:  BNZ   0804
07FA:  MOVF   51,W
07FC:  SUBWF  55,W
07FE:  BNZ   0804
0800:  MOVF   50,W
0802:  SUBWF  54,W
0804:  BNC   0824
0806:  MOVF   50,W
0808:  SUBWF  54,F
080A:  MOVF   51,W
080C:  BTFSS  FD8.0
080E:  INCFSZ 51,W
0810:  SUBWF  55,F
0812:  MOVF   52,W
0814:  BTFSS  FD8.0
0816:  INCFSZ 52,W
0818:  SUBWF  56,F
081A:  MOVF   53,W
081C:  BTFSS  FD8.0
081E:  INCFSZ 53,W
0820:  SUBWF  57,F
0822:  BSF    FD8.0
0824:  RLCF   00,F
0826:  RLCF   01,F
0828:  RLCF   02,F
082A:  RLCF   03,F
082C:  DECFSZ 58,F
082E:  BRA    07DC
0830:  MOVFF  54,FEF
0834:  MOVFF  55,FEC
0838:  MOVFF  56,FEC
083C:  MOVFF  57,FEC
0840:  RETURN 0
0842:  MOVF   FE9,W
0844:  MOVWF  44
0846:  MOVF   43,W
0848:  MOVWF  46
084A:  BZ    087E
084C:  MOVFF  42,4F
0850:  MOVFF  41,4E
0854:  MOVFF  40,4D
0858:  MOVFF  3F,4C
085C:  CLRF   53
085E:  CLRF   52
0860:  MOVLW  20
0862:  MOVWF  51
0864:  MOVLW  82
0866:  MOVWF  50
0868:  RCALL  0658
086A:  MOVFF  03,42
086E:  MOVFF  02,41
0872:  MOVFF  01,40
0876:  MOVFF  00,3F
087A:  DECFSZ 46,F
087C:  BRA    084C
087E:  MOVFF  42,4F
0882:  MOVFF  41,4E
0886:  MOVFF  40,4D
088A:  MOVFF  3F,4C
088E:  BRA    0774
0890:  MOVFF  03,42
0894:  MOVFF  02,41
0898:  MOVFF  01,40
089C:  MOVFF  00,3F
08A0:  BTFSS  42.7
08A2:  BRA    08BE
08A4:  DECF   44,F
08A6:  BSF    44.5
08A8:  COMF   3F,F
08AA:  COMF   40,F
08AC:  COMF   41,F
08AE:  COMF   42,F
08B0:  INCF   3F,F
08B2:  BTFSC  FD8.2
08B4:  INCF   40,F
08B6:  BTFSC  FD8.2
08B8:  INCF   41,F
08BA:  BTFSC  FD8.2
08BC:  INCF   42,F
08BE:  MOVLW  3B
08C0:  MOVWF  4B
08C2:  MOVLW  9A
08C4:  MOVWF  4A
08C6:  MOVLW  CA
08C8:  MOVWF  49
08CA:  CLRF   48
08CC:  MOVLW  0A
08CE:  MOVWF  46
08D0:  MOVF   43,W
08D2:  BTFSC  FD8.2
08D4:  INCF   44,F
08D6:  BSF    FD8.1
08D8:  CLRF   FEA
08DA:  MOVLW  3F
08DC:  MOVWF  FE9
08DE:  MOVFF  42,4F
08E2:  MOVFF  41,4E
08E6:  MOVFF  40,4D
08EA:  MOVFF  3F,4C
08EE:  MOVFF  4B,53
08F2:  MOVFF  4A,52
08F6:  MOVFF  49,51
08FA:  MOVFF  48,50
08FE:  RCALL  07B4
0900:  MOVF   01,W
0902:  MOVF   00,F
0904:  BNZ   0924
0906:  INCF   43,W
0908:  SUBWF  46,W
090A:  BZ    0924
090C:  MOVF   44,W
090E:  BZ    0928
0910:  ANDLW  0F
0912:  SUBWF  46,W
0914:  BZ    0918
0916:  BC    09B6
0918:  BTFSC  44.7
091A:  BRA    09B6
091C:  BTFSC  44.6
091E:  BRA    0928
0920:  MOVLW  20
0922:  BRA    09A2
0924:  MOVLW  20
0926:  ANDWF  44,F
0928:  BTFSS  44.5
092A:  BRA    0950
092C:  BCF    44.5
092E:  MOVF   43,W
0930:  BTFSS  FD8.2
0932:  DECF   44,F
0934:  MOVF   00,W
0936:  MOVWF  44
0938:  CLRF   19
093A:  BTFSC  FF2.7
093C:  BSF    19.7
093E:  BCF    FF2.7
0940:  MOVLW  2D
0942:  MOVWF  5D
0944:  RCALL  029E
0946:  BTFSC  19.7
0948:  BSF    FF2.7
094A:  MOVF   44,W
094C:  MOVWF  00
094E:  CLRF   44
0950:  MOVF   43,W
0952:  SUBWF  46,W
0954:  BNZ   0976
0956:  MOVF   00,W
0958:  MOVWF  44
095A:  CLRF   19
095C:  BTFSC  FF2.7
095E:  BSF    19.7
0960:  BCF    FF2.7
0962:  MOVLW  2E
0964:  MOVWF  5D
0966:  RCALL  029E
0968:  BTFSC  19.7
096A:  BSF    FF2.7
096C:  MOVF   44,W
096E:  MOVWF  00
0970:  MOVLW  20
0972:  ANDWF  44,F
0974:  MOVLW  00
0976:  MOVLW  30
0978:  BTFSS  44.5
097A:  BRA    09A2
097C:  BCF    44.5
097E:  MOVF   43,W
0980:  BTFSS  FD8.2
0982:  DECF   44,F
0984:  MOVF   00,W
0986:  MOVWF  44
0988:  CLRF   19
098A:  BTFSC  FF2.7
098C:  BSF    19.7
098E:  BCF    FF2.7
0990:  MOVLW  2D
0992:  MOVWF  5D
0994:  RCALL  029E
0996:  BTFSC  19.7
0998:  BSF    FF2.7
099A:  MOVF   44,W
099C:  MOVWF  00
099E:  CLRF   44
09A0:  MOVLW  30
09A2:  ADDWF  00,F
09A4:  CLRF   19
09A6:  BTFSC  FF2.7
09A8:  BSF    19.7
09AA:  BCF    FF2.7
09AC:  MOVFF  00,5D
09B0:  RCALL  029E
09B2:  BTFSC  19.7
09B4:  BSF    FF2.7
09B6:  BCF    FD8.1
09B8:  MOVFF  4B,4F
09BC:  MOVFF  4A,4E
09C0:  MOVFF  49,4D
09C4:  MOVFF  48,4C
09C8:  CLRF   53
09CA:  CLRF   52
09CC:  CLRF   51
09CE:  MOVLW  0A
09D0:  MOVWF  50
09D2:  RCALL  07B4
09D4:  MOVFF  03,4B
09D8:  MOVFF  02,4A
09DC:  MOVFF  01,49
09E0:  MOVFF  00,48
09E4:  DECFSZ 46,F
09E6:  BRA    08D6
09E8:  GOTO   0CF0 (RETURN)
09EC:  MOVF   46,W
09EE:  CLRF   01
09F0:  SUBWF  45,W
09F2:  BC    09FA
09F4:  MOVFF  45,00
09F8:  BRA    0A12
09FA:  CLRF   00
09FC:  MOVLW  08
09FE:  MOVWF  47
0A00:  RLCF   45,F
0A02:  RLCF   00,F
0A04:  MOVF   46,W
0A06:  SUBWF  00,W
0A08:  BTFSC  FD8.0
0A0A:  MOVWF  00
0A0C:  RLCF   01,F
0A0E:  DECFSZ 47,F
0A10:  BRA    0A00
0A12:  RETURN 0
0A14:  MOVLW  20
0A16:  BTFSS  40.4
0A18:  MOVLW  30
0A1A:  MOVWF  41
0A1C:  MOVFF  3F,00
0A20:  BTFSS  3F.7
0A22:  BRA    0A34
0A24:  COMF   00,F
0A26:  INCF   00,F
0A28:  MOVFF  00,3F
0A2C:  MOVLW  2D
0A2E:  MOVWF  41
0A30:  BSF    40.7
0A32:  BSF    40.0
0A34:  MOVF   01,W
0A36:  MOVFF  3F,45
0A3A:  MOVLW  64
0A3C:  MOVWF  46
0A3E:  RCALL  09EC
0A40:  MOVFF  00,3F
0A44:  MOVLW  30
0A46:  ADDWF  01,W
0A48:  MOVWF  42
0A4A:  MOVFF  3F,45
0A4E:  MOVLW  0A
0A50:  MOVWF  46
0A52:  RCALL  09EC
0A54:  MOVLW  30
0A56:  ADDWF  00,W
0A58:  MOVWF  44
0A5A:  MOVLW  30
0A5C:  ADDWF  01,W
0A5E:  MOVWF  43
0A60:  MOVFF  41,00
0A64:  MOVLW  30
0A66:  SUBWF  42,W
0A68:  BZ    0A72
0A6A:  BSF    40.1
0A6C:  BTFSC  40.7
0A6E:  BSF    40.2
0A70:  BRA    0A96
0A72:  MOVFF  41,42
0A76:  MOVLW  20
0A78:  MOVWF  41
0A7A:  MOVLW  30
0A7C:  SUBWF  43,W
0A7E:  BZ    0A88
0A80:  BSF    40.0
0A82:  BTFSC  40.7
0A84:  BSF    40.1
0A86:  BRA    0A96
0A88:  BTFSS  FD8.2
0A8A:  BSF    40.0
0A8C:  BNZ   0A96
0A8E:  MOVFF  42,43
0A92:  MOVLW  20
0A94:  MOVWF  42
0A96:  BTFSC  40.2
0A98:  BRA    0AA4
0A9A:  BTFSC  40.1
0A9C:  BRA    0AB8
0A9E:  BTFSC  40.0
0AA0:  BRA    0ACC
0AA2:  BRA    0AE0
0AA4:  CLRF   19
0AA6:  BTFSC  FF2.7
0AA8:  BSF    19.7
0AAA:  BCF    FF2.7
0AAC:  MOVFF  41,5D
0AB0:  CALL   029E
0AB4:  BTFSC  19.7
0AB6:  BSF    FF2.7
0AB8:  CLRF   19
0ABA:  BTFSC  FF2.7
0ABC:  BSF    19.7
0ABE:  BCF    FF2.7
0AC0:  MOVFF  42,5D
0AC4:  CALL   029E
0AC8:  BTFSC  19.7
0ACA:  BSF    FF2.7
0ACC:  CLRF   19
0ACE:  BTFSC  FF2.7
0AD0:  BSF    19.7
0AD2:  BCF    FF2.7
0AD4:  MOVFF  43,5D
0AD8:  CALL   029E
0ADC:  BTFSC  19.7
0ADE:  BSF    FF2.7
0AE0:  CLRF   19
0AE2:  BTFSC  FF2.7
0AE4:  BSF    19.7
0AE6:  BCF    FF2.7
0AE8:  MOVFF  44,5D
0AEC:  CALL   029E
0AF0:  BTFSC  19.7
0AF2:  BSF    FF2.7
0AF4:  RETURN 0
....................  
.................... #list 
....................  
.................... #device ADC = 10 
.................... #use i2c(Master,Fast=100000, sda=PIN_B0, scl=PIN_B1,force_sw) 
*
00DA:  MOVLW  08
00DC:  MOVWF  01
00DE:  NOP   
00E0:  BCF    F8A.1
00E2:  BCF    F93.1
00E4:  NOP   
00E6:  RLCF   x6B,F
00E8:  BCF    F8A.0
00EA:  BTFSC  FD8.0
00EC:  BSF    F93.0
00EE:  BTFSS  FD8.0
00F0:  BCF    F93.0
00F2:  BSF    F93.1
00F4:  BTFSS  F81.1
00F6:  BRA    00F4
00F8:  DECFSZ 01,F
00FA:  BRA    00DE
00FC:  NOP   
00FE:  BCF    F8A.1
0100:  BCF    F93.1
0102:  NOP   
0104:  BSF    F93.0
0106:  NOP   
0108:  NOP   
010A:  BSF    F93.1
010C:  BTFSS  F81.1
010E:  BRA    010C
0110:  CLRF   01
0112:  NOP   
0114:  BTFSC  F81.0
0116:  BSF    01.0
0118:  BCF    F8A.1
011A:  BCF    F93.1
011C:  BCF    F8A.0
011E:  BCF    F93.0
0120:  RETURN 0
.................... #include <i2c_Flex_LCD.c> 
.................... //-----------------------------------------------------------------------------  
.................... // Title:         i2c_Flex_LCD  
.................... // Description:   Driver for common LCD with 1/2/3 or 4 rows by 1...20 columns  
.................... //                using PCF8574T interface board with I2C protocol.  
.................... // Date:          Nov-2013  
.................... // Ver.Rev.:      1.1  
.................... // Author:        Hugo Silva (sergio-hugo@bol.com.br) #Based on the routines of  
.................... //                "20X4_LCD_I2C_DRIVER.h" from Pumrin S. and "lcd4_i2c.c" from XP8100  
.................... //-----------------------------------------------------------------------------  
.................... //  
.................... // lcd_init() Must be called before any other function.  
.................... //  
.................... // lcd_putc(c) Will display c on the next position of the LCD.  
.................... //   
.................... //     \f Clear LCD display  
.................... //     \n Set write position on next lcd line  
.................... //     \b LCD backspace  
.................... //     lcd_gotoxy(x,y) Set write position on LCD (upper left is 1,1)  
.................... //  
.................... // lcd_backlight_led(ON)/lcd_backlight_led(OFF) = Turn ON/OFF LCD Backlight LED  
.................... //  
.................... //-----------------------------------------------------------------------------  
.................... // LCD pins D0-D3 are not used.  
.................... //-----------------------------------------------------------------------------  
.................... //  
.................... // Comment   : Control of a compatible LCD (1...4 rows by 1...4 columns) from  
.................... //              a bus I2C with an EXPANDER of I/O with connection I2C.  
.................... //              The tests of these routines have been programmed using the IC  
.................... //              Phillips PCF8574T. I've used 4 bits mode programming.  
.................... //              The 8 bits mode programming is possible if you use 2 x PCF8574T.  
.................... //              RW Pin is not being used.  
.................... //  
.................... // As defined in the following structure the pin connection is as follows:  
.................... //  
.................... //  PCF8574P     LCD  
.................... //  ========     ======  
.................... //     P0        RS  
.................... //     P1        RW    (Not used!)  
.................... //     P2        Enable   
.................... //     P3        Led Backlight  
.................... //     P4        D4  
.................... //     P5        D5  
.................... //     P6        D6  
.................... //     P7        D7  
.................... //  
.................... //  The SCL and SDA pins should be pull-up resistor as shown below:  
.................... //  
.................... //             +5v  
.................... //               |  
.................... //               <  
.................... //               > 4.7K         
.................... //               <           
.................... //To PIC         |          To i2c slave  
.................... //pin xx ------------------ SDA pin   
.................... //(SDA)                       
.................... //              +5v  
.................... //               |  
.................... //               <  
.................... //               > 4.7K         
.................... //               <           
.................... //To PIC         |          To i2c slave  
.................... //pin xx ------------------ SCL pin   
.................... //(SCL)  
.................... //  
.................... //To PIC                    To i2c slave  
.................... //Vss pin ----------------- Vss or ground pin   
.................... //                |  
.................... //              -----  
.................... //               ---  Ground  
.................... //                -   
.................... //   
.................... // THIS DOCUMENT IS PROVIDED TO THE USER "AS IS"  
.................... //-----------------------------------------------------------------------------  
.................... byte LCD_ADDR ;//             0x4E        //I2C slave address for LCD module  
.................... byte lcd_total_rows ;//       2           //Number of rows: 1,2,3 or 4  
.................... byte lcd_total_columns ;//    16          //Number of columns: 1...20    
....................  
.................... #define RS                    0b00000001  //P0 - PCF8574T Pin connected to RS  
.................... #define RW                    0b00000010  //P1 - PCF8574T Pin connected to RW  
.................... #define ENABLE                0b00000100  //P2 - PCF8574T Pin connected to EN  
.................... #define LCD_BACKLIGHT         0b00001000  //P3 - PCF8574T Pin connected to BACKLIGHT LED  
....................  
.................... #define addr_row_one          0x00        //LCD RAM address for row 1  
.................... #define addr_row_two          0x40        //LCD RAM address for row 2  
.................... #define addr_row_three        0x14        //LCD RAM address for row 3  
.................... #define addr_row_four         0x54        //LCD RAM address for row 4  
....................  
.................... #define ON                    1  
.................... #define OFF                   0  
.................... #define NOT                   ~  
.................... #define data_shifted          data<<4  
....................  
.................... #use delay(clock=4Mhz) 
*
0200:  CLRF   FEA
0202:  MOVLW  5E
0204:  MOVWF  FE9
0206:  MOVF   FEF,W
0208:  BZ    0226
020A:  MOVLW  01
020C:  MOVWF  01
020E:  CLRF   00
0210:  DECFSZ 00,F
0212:  BRA    0210
0214:  DECFSZ 01,F
0216:  BRA    020E
0218:  MOVLW  4A
021A:  MOVWF  00
021C:  DECFSZ 00,F
021E:  BRA    021C
0220:  BRA    0222
0222:  DECFSZ FEF,F
0224:  BRA    020A
0226:  RETURN 0
.................... int8 new_row_request=1, BACKLIGHT_LED=LCD_BACKLIGHT;  
....................  
.................... void lcd_backlight_led(byte bl)  
.................... {   
....................       If (bl) BACKLIGHT_LED=LCD_BACKLIGHT; else BACKLIGHT_LED=OFF;  
.................... }  
....................  
.................... void i2c_send_nibble(byte data, byte type)  
.................... {     
....................    switch (type)  
*
0122:  MOVF   x69,W
0124:  XORLW  00
0126:  BZ    012E
0128:  XORLW  01
012A:  BZ    016E
012C:  BRA    01B0
....................    {       
....................       case 0 :       
....................       i2c_write(data_shifted | BACKLIGHT_LED);  
012E:  SWAPF  x68,W
0130:  MOVWF  00
0132:  MOVLW  F0
0134:  ANDWF  00,F
0136:  MOVF   00,W
0138:  IORWF  1E,W
013A:  MOVWF  x6A
013C:  MOVWF  x6B
013E:  RCALL  00DA
....................       delay_cycles(1);  
0140:  NOP   
....................       i2c_write(data_shifted | ENABLE | BACKLIGHT_LED );  
0142:  SWAPF  x68,W
0144:  MOVWF  00
0146:  MOVLW  F0
0148:  ANDWF  00,F
014A:  MOVF   00,W
014C:  IORLW  04
014E:  IORWF  1E,W
0150:  MOVWF  x6A
0152:  MOVWF  x6B
0154:  RCALL  00DA
....................       delay_us(2);  
0156:  BRA    0158
....................       i2c_write(data_shifted & NOT ENABLE | BACKLIGHT_LED);  
0158:  SWAPF  x68,W
015A:  MOVWF  00
015C:  MOVLW  F0
015E:  ANDWF  00,F
0160:  MOVF   00,W
0162:  ANDLW  FB
0164:  IORWF  1E,W
0166:  MOVWF  x6A
0168:  MOVWF  x6B
016A:  RCALL  00DA
....................       break;  
016C:  BRA    01B0
....................        
....................       case 1 :  
....................       i2c_write(data_shifted | RS | BACKLIGHT_LED);  
016E:  SWAPF  x68,W
0170:  MOVWF  00
0172:  MOVLW  F0
0174:  ANDWF  00,F
0176:  MOVF   00,W
0178:  IORLW  01
017A:  IORWF  1E,W
017C:  MOVWF  x6A
017E:  MOVWF  x6B
0180:  RCALL  00DA
....................       delay_cycles(1);  
0182:  NOP   
....................       i2c_write(data_shifted | RS | ENABLE | BACKLIGHT_LED );  
0184:  SWAPF  x68,W
0186:  MOVWF  00
0188:  MOVLW  F0
018A:  ANDWF  00,F
018C:  MOVF   00,W
018E:  IORLW  01
0190:  IORLW  04
0192:  IORWF  1E,W
0194:  MOVWF  x6A
0196:  MOVWF  x6B
0198:  RCALL  00DA
....................       delay_us(2);  
019A:  BRA    019C
....................       i2c_write(data_shifted | RS | BACKLIGHT_LED);  
019C:  SWAPF  x68,W
019E:  MOVWF  00
01A0:  MOVLW  F0
01A2:  ANDWF  00,F
01A4:  MOVF   00,W
01A6:  IORLW  01
01A8:  IORWF  1E,W
01AA:  MOVWF  x6A
01AC:  MOVWF  x6B
01AE:  RCALL  00DA
....................       break;  
....................    }  
01B0:  RETURN 0
.................... }  
....................      
.................... void lcd_send_byte(byte data, byte type)  
....................    {  
....................         i2c_start();  
01B2:  BSF    F93.0
01B4:  NOP   
01B6:  BSF    F93.1
01B8:  NOP   
01BA:  BCF    F8A.0
01BC:  BCF    F93.0
01BE:  NOP   
01C0:  BCF    F8A.1
01C2:  BCF    F93.1
....................         i2c_write(LCD_ADDR);  
01C4:  MOVFF  1A,6B
01C8:  RCALL  00DA
....................         i2c_send_nibble(data >> 4 , type);  
01CA:  SWAPF  x65,W
01CC:  MOVWF  x67
01CE:  MOVLW  0F
01D0:  ANDWF  x67,F
01D2:  MOVFF  67,68
01D6:  MOVFF  66,69
01DA:  RCALL  0122
....................         i2c_send_nibble(data & 0xf , type);  
01DC:  MOVF   x65,W
01DE:  ANDLW  0F
01E0:  MOVWF  x67
01E2:  MOVWF  x68
01E4:  MOVFF  66,69
01E8:  RCALL  0122
....................         i2c_stop();         
01EA:  BCF    F93.0
01EC:  NOP   
01EE:  BSF    F93.1
01F0:  BTFSS  F81.1
01F2:  BRA    01F0
01F4:  NOP   
01F6:  BRA    01F8
01F8:  NOP   
01FA:  BSF    F93.0
01FC:  NOP   
01FE:  RETURN 0
....................    }  
....................  
.................... void lcd_clear()  
.................... {   
....................         lcd_send_byte(0x01,0);  
*
0228:  MOVLW  01
022A:  MOVWF  x65
022C:  CLRF   x66
022E:  RCALL  01B2
....................         delay_ms(2);  
0230:  MOVLW  02
0232:  MOVWF  5E
0234:  RCALL  0200
....................         new_row_request=1;  
0236:  MOVLW  01
0238:  MOVWF  1D
023A:  RETURN 0
.................... }  
....................  
.................... void lcd_init(byte ADDR, byte col, byte row)  
.................... {  
....................    byte i; 
....................    byte CONST lcd_type=2;  // 0=5x7, 1=5x10, 2=2 lines  
....................    byte CONST LCD_INIT_STRING[4] = {0x20 | (lcd_type << 2), 0xc, 1, 6}; // These bytes need to be sent to the LCD to start it up. 
....................     
....................    LCD_ADDR =ADDR;//             0x4E        //I2C slave address for LCD module  
*
0498:  MOVFF  3F,1A
....................    lcd_total_rows =row;//       2           //Number of rows: 1,2,3 or 4  
049C:  MOVFF  41,1B
....................    lcd_total_columns= col ; 
04A0:  MOVFF  40,1C
....................    disable_interrupts(GLOBAL);  
04A4:  BCF    FF2.6
04A6:  BCF    FF2.7
04A8:  BTFSC  FF2.7
04AA:  BRA    04A6
04AC:  CLRF   19
04AE:  BTFSC  FF2.7
04B0:  BSF    19.7
04B2:  BCF    FF2.7
....................    delay_ms(50); //LCD power up delay  
04B4:  MOVLW  32
04B6:  MOVWF  5E
04B8:  RCALL  0200
04BA:  BTFSC  19.7
04BC:  BSF    FF2.7
....................      
....................    i2c_start();  
04BE:  BSF    F93.0
04C0:  NOP   
04C2:  BSF    F93.1
04C4:  NOP   
04C6:  BCF    F8A.0
04C8:  BCF    F93.0
04CA:  NOP   
04CC:  BCF    F8A.1
04CE:  BCF    F93.1
04D0:  CLRF   19
04D2:  BTFSC  FF2.7
04D4:  BSF    19.7
04D6:  BCF    FF2.7
....................    i2c_write(LCD_ADDR);  
04D8:  MOVFF  1A,6B
04DC:  RCALL  00DA
04DE:  BTFSC  19.7
04E0:  BSF    FF2.7
04E2:  CLRF   19
04E4:  BTFSC  FF2.7
04E6:  BSF    19.7
04E8:  BCF    FF2.7
....................       i2c_send_nibble(0x00,0);  
04EA:  CLRF   x68
04EC:  CLRF   x69
04EE:  RCALL  0122
04F0:  BTFSC  19.7
04F2:  BSF    FF2.7
04F4:  CLRF   19
04F6:  BTFSC  FF2.7
04F8:  BSF    19.7
04FA:  BCF    FF2.7
....................       delay_ms(15);  
04FC:  MOVLW  0F
04FE:  MOVWF  5E
0500:  RCALL  0200
0502:  BTFSC  19.7
0504:  BSF    FF2.7
....................      
....................    for (i=1;i<=3;++i)     
0506:  MOVLW  01
0508:  MOVWF  42
050A:  MOVF   42,W
050C:  SUBLW  03
050E:  BNC   053A
0510:  CLRF   19
0512:  BTFSC  FF2.7
0514:  BSF    19.7
0516:  BCF    FF2.7
....................    {  
....................       i2c_send_nibble(0x03,0);  
0518:  MOVLW  03
051A:  MOVWF  x68
051C:  CLRF   x69
051E:  RCALL  0122
0520:  BTFSC  19.7
0522:  BSF    FF2.7
0524:  CLRF   19
0526:  BTFSC  FF2.7
0528:  BSF    19.7
052A:  BCF    FF2.7
....................       delay_ms(5);  
052C:  MOVLW  05
052E:  MOVWF  5E
0530:  RCALL  0200
0532:  BTFSC  19.7
0534:  BSF    FF2.7
0536:  INCF   42,F
0538:  BRA    050A
053A:  CLRF   19
053C:  BTFSC  FF2.7
053E:  BSF    19.7
0540:  BCF    FF2.7
....................    }     
....................       i2c_send_nibble(0x02,0);  
0542:  MOVLW  02
0544:  MOVWF  x68
0546:  CLRF   x69
0548:  RCALL  0122
054A:  BTFSC  19.7
054C:  BSF    FF2.7
054E:  CLRF   19
0550:  BTFSC  FF2.7
0552:  BSF    19.7
0554:  BCF    FF2.7
....................       delay_ms(5);  
0556:  MOVLW  05
0558:  MOVWF  5E
055A:  RCALL  0200
055C:  BTFSC  19.7
055E:  BSF    FF2.7
....................    i2c_stop();  
0560:  BCF    F93.0
0562:  NOP   
0564:  BSF    F93.1
0566:  BTFSS  F81.1
0568:  BRA    0566
056A:  NOP   
056C:  BRA    056E
056E:  NOP   
0570:  BSF    F93.0
0572:  NOP   
....................      
....................    for (i=0;i<=3;++i) {  
0574:  CLRF   42
0576:  MOVF   42,W
0578:  SUBLW  03
057A:  BNC   05AC
....................    lcd_send_byte(LCD_INIT_STRING[i],0);  
057C:  CLRF   03
057E:  MOVF   42,W
0580:  RCALL  00BA
0582:  MOVWF  43
0584:  CLRF   19
0586:  BTFSC  FF2.7
0588:  BSF    19.7
058A:  BCF    FF2.7
058C:  MOVWF  x65
058E:  CLRF   x66
0590:  RCALL  01B2
0592:  BTFSC  19.7
0594:  BSF    FF2.7
0596:  CLRF   19
0598:  BTFSC  FF2.7
059A:  BSF    19.7
059C:  BCF    FF2.7
....................    delay_ms(5);  
059E:  MOVLW  05
05A0:  MOVWF  5E
05A2:  RCALL  0200
05A4:  BTFSC  19.7
05A6:  BSF    FF2.7
05A8:  INCF   42,F
05AA:  BRA    0576
05AC:  CLRF   19
05AE:  BTFSC  FF2.7
05B0:  BSF    19.7
05B2:  BCF    FF2.7
....................    }  
....................    lcd_clear();  //Clear Display  
05B4:  RCALL  0228
05B6:  BTFSC  19.7
05B8:  BSF    FF2.7
....................    enable_interrupts(GLOBAL);  
05BA:  MOVLW  C0
05BC:  IORWF  FF2,F
05BE:  GOTO   0B58 (RETURN)
.................... }  
....................  
.................... void lcd_gotoxy( byte x, byte y)  
.................... {  
.................... byte row,column,row_addr,lcd_address;  
.................... static char data;  
....................  
....................    if (y>lcd_total_rows) row=lcd_total_rows; else row=y;  
*
023C:  MOVF   5F,W
023E:  SUBWF  1B,W
0240:  BC    0248
0242:  MOVFF  1B,60
0246:  BRA    024C
0248:  MOVFF  5F,60
....................    
....................    switch(row)  
024C:  MOVF   x60,W
024E:  XORLW  01
0250:  BZ    0260
0252:  XORLW  03
0254:  BZ    0264
0256:  XORLW  01
0258:  BZ    026A
025A:  XORLW  07
025C:  BZ    0270
025E:  BRA    0276
....................    {  
....................       case 1:  row_addr=addr_row_one;     break;  
0260:  CLRF   x62
0262:  BRA    0278
....................       case 2:  row_addr=addr_row_two;     break;  
0264:  MOVLW  40
0266:  MOVWF  x62
0268:  BRA    0278
....................       case 3:  row_addr=addr_row_three;   break;  
026A:  MOVLW  14
026C:  MOVWF  x62
026E:  BRA    0278
....................       case 4:  row_addr=addr_row_four;    break;  
0270:  MOVLW  54
0272:  MOVWF  x62
0274:  BRA    0278
....................       default: row_addr=addr_row_one;     break;   
0276:  CLRF   x62
....................    }   
....................      
....................    if (x>lcd_total_columns) column=lcd_total_columns; else column=x;   
0278:  MOVF   5E,W
027A:  SUBWF  1C,W
027C:  BC    0284
027E:  MOVFF  1C,61
0282:  BRA    0288
0284:  MOVFF  5E,61
....................    lcd_address=(row_addr+(column-1));  
0288:  MOVLW  01
028A:  SUBWF  x61,W
028C:  ADDWF  x62,W
028E:  MOVWF  x63
....................    lcd_send_byte(0x80|lcd_address,0);  
0290:  MOVF   x63,W
0292:  IORLW  80
0294:  MOVWF  x64
0296:  MOVWF  x65
0298:  CLRF   x66
029A:  RCALL  01B2
029C:  RETURN 0
.................... }  
....................  
.................... //Display the character on LCD screen.  
.................... void LCD_PUTC(char in_data)  
.................... {     
....................   switch(in_data)  
029E:  MOVF   5D,W
02A0:  XORLW  0C
02A2:  BZ    02AE
02A4:  XORLW  06
02A6:  BZ    02B2
02A8:  XORLW  02
02AA:  BZ    02CA
02AC:  BRA    02D4
....................    {   
....................      case '\f': lcd_clear();                       break;                 
02AE:  RCALL  0228
02B0:  BRA    02DE
....................        
....................      case '\n':  
....................      new_row_request++;  
02B2:  INCF   1D,F
....................      if (new_row_request>lcd_total_rows) new_row_request=1;  
02B4:  MOVF   1D,W
02B6:  SUBWF  1B,W
02B8:  BC    02BE
02BA:  MOVLW  01
02BC:  MOVWF  1D
....................      lcd_gotoxy(1, new_row_request);  
02BE:  MOVLW  01
02C0:  MOVWF  5E
02C2:  MOVFF  1D,5F
02C6:  RCALL  023C
....................      break;  
02C8:  BRA    02DE
....................                    
....................      case '\b': lcd_send_byte(0x10,0);             break;  
02CA:  MOVLW  10
02CC:  MOVWF  x65
02CE:  CLRF   x66
02D0:  RCALL  01B2
02D2:  BRA    02DE
....................          
....................      default: lcd_send_byte(in_data,1);            break;       
02D4:  MOVFF  5D,65
02D8:  MOVLW  01
02DA:  MOVWF  x66
02DC:  RCALL  01B2
....................        
....................    }  
02DE:  RETURN 0
.................... }  
....................  
.................... #fuses intrc,nowdt 
.................... #use delay(clock=4Mhz) 
*
05C2:  CLRF   FEA
05C4:  MOVLW  40
05C6:  MOVWF  FE9
05C8:  MOVF   FEF,W
05CA:  BZ    05E8
05CC:  MOVLW  01
05CE:  MOVWF  01
05D0:  CLRF   00
05D2:  DECFSZ 00,F
05D4:  BRA    05D2
05D6:  DECFSZ 01,F
05D8:  BRA    05D0
05DA:  MOVLW  4A
05DC:  MOVWF  00
05DE:  DECFSZ 00,F
05E0:  BRA    05DE
05E2:  BRA    05E4
05E4:  DECFSZ FEF,F
05E6:  BRA    05CC
05E8:  RETURN 0
.................... //#include <lcd.c> 
.................... #use fast_io(a) 
.................... float Lecturaad620; 
.................... int32 valor_recarga = 59285; 
.................... //int32 valor_recarga = 0; 
.................... int direccionI2C = 0x4E; 
.................... int filas = 2; 
.................... int columnas = 16; 
.................... int pulsos_555 =  0; 
.................... int1 bandera_prueba_555; 
.................... int1 bandera_estado_555; 
.................... int32 value; 
....................  
.................... #INT_EXT2 
.................... void pulsos() { 
....................    pulsos_555 = pulsos_555 + 1; 
*
00CE:  MOVLW  01
00D0:  ADDWF  2B,F
....................    CLEAR_INTERRUPT(INT_EXT2); 
00D2:  BCF    FF0.1
.................... } 
....................  
00D4:  BCF    FF0.1
00D6:  GOTO   006C
.................... #INT_RTCC  
.................... void tiempo_final_555() { 
....................    DISABLE_INTERRUPTS(INT_EXT2);// Inhabilitar las interrupciones del timer0 
*
0300:  BCF    FF0.4
....................    DISABLE_INTERRUPTS(INT_RTCC); 
0302:  BCF    FF2.5
....................    bandera_prueba_555 = 0; 
0304:  BCF    2C.0
....................    if (pulsos_555 > 9) { 
0306:  MOVF   2B,W
0308:  SUBLW  09
030A:  BC    0310
....................       bandera_estado_555 = 1; 
030C:  BSF    2C.1
....................    } 
030E:  BRA    0312
....................     
....................    else { 
....................       bandera_estado_555 = 0; 
0310:  BCF    2C.1
....................    } 
....................     
....................    CLEAR_INTERRUPT(INT_RTCC); 
0312:  BCF    FF2.2
....................    printf(lcd_putc,"\f"); 
0314:  MOVLW  0C
0316:  MOVWF  5D
0318:  RCALL  029E
....................    lcd_gotoxy(5,1); 
031A:  MOVLW  05
031C:  MOVWF  5E
031E:  MOVLW  01
0320:  MOVWF  5F
0322:  RCALL  023C
....................    printf(lcd_putc," UNEXPO"); 
0324:  MOVLW  36
0326:  MOVWF  FF6
0328:  MOVLW  03
032A:  MOVWF  FF7
032C:  RCALL  02E0
....................    DISABLE_INTERRUPTS(INT_RTCC); 
032E:  BCF    FF2.5
0330:  BCF    FF2.2
0332:  GOTO   006C
.................... } 
....................  
.................... int Boton(){ 
....................          if(input(PIN_A3)) { 
*
05EA:  BTFSS  F80.3
05EC:  BRA    05F6
....................             return 1; 
05EE:  MOVLW  01
05F0:  MOVWF  01
05F2:  BRA    061E
....................             } else if(input(PIN_A4)) { 
05F4:  BRA    061A
05F6:  BTFSS  F80.4
05F8:  BRA    0602
....................             return 2; 
05FA:  MOVLW  02
05FC:  MOVWF  01
05FE:  BRA    061E
....................             } else if(input(PIN_A5 )) { 
0600:  BRA    061A
0602:  BTFSS  F80.5
0604:  BRA    060E
....................             return 3; 
0606:  MOVLW  03
0608:  MOVWF  01
060A:  BRA    061E
....................             } else if (input(PIN_C0)){ 
060C:  BRA    061A
060E:  BSF    F94.0
0610:  BTFSS  F82.0
0612:  BRA    061A
....................             return 4; 
0614:  MOVLW  04
0616:  MOVWF  01
0618:  BRA    061E
....................             } 
....................             return 0; 
061A:  MOVLW  00
061C:  MOVWF  01
061E:  RETURN 0
....................          } 
.................... void main(){ 
*
0AF6:  CLRF   FF8
0AF8:  BCF    FD0.7
0AFA:  BSF    07.7
0AFC:  MOVLW  01
0AFE:  MOVWF  1D
0B00:  MOVLW  08
0B02:  MOVWF  1E
0B04:  CLRF   27
0B06:  CLRF   26
0B08:  MOVLW  E7
0B0A:  MOVWF  25
0B0C:  MOVLW  95
0B0E:  MOVWF  24
0B10:  MOVLW  4E
0B12:  MOVWF  28
0B14:  MOVLW  02
0B16:  MOVWF  29
0B18:  MOVLW  10
0B1A:  MOVWF  2A
0B1C:  CLRF   2B
0B1E:  CLRF   32
0B20:  CLRF   31
0B22:  MOVF   FC1,W
0B24:  ANDLW  C0
0B26:  IORLW  0F
0B28:  MOVWF  FC1
0B2A:  MOVLW  07
0B2C:  MOVWF  FB4
0B2E:  CLRF   1F
....................    while(true){  
....................       setup_oscillator(OSC_4MHZ); 
0B30:  MOVLW  60
0B32:  MOVWF  FD3
0B34:  MOVF   FD3,W
....................       set_tris_a(0xff);// puerto a entrada 
0B36:  MOVLW  FF
0B38:  MOVWF  F92
....................       set_tris_d(0x00);// puerto d salida 
0B3A:  MOVLW  00
0B3C:  MOVWF  F95
....................       SETUP_COUNTERS(RTCC_INTERNAL,RTCC_DIV_256); 
0B3E:  BCF    FD1.0
0B40:  MOVLW  87
0B42:  MOVWF  FD5
....................       ENABLE_INTERRUPTS(GLOBAL);// Habilita las interrupciones globales 
0B44:  MOVLW  C0
0B46:  IORWF  FF2,F
....................       ext_int_edge(H_TO_L); //Inicia el flanco de la interruccion de alto abajo 
0B48:  BCF    FF1.6
....................       lcd_init(direccionI2C,filas,columnas); 
0B4A:  MOVFF  28,3F
0B4E:  MOVFF  29,40
0B52:  MOVFF  2A,41
0B56:  BRA    0498
....................       setup_adc_ports(0x0e); 
0B58:  MOVF   FC1,W
0B5A:  ANDLW  C0
0B5C:  IORLW  0E
0B5E:  MOVWF  FC1
....................       setup_adc(adc_clock_internal); 
0B60:  MOVF   FC0,W
0B62:  ANDLW  C0
0B64:  IORLW  07
0B66:  MOVWF  FC0
0B68:  BSF    FC0.7
0B6A:  BSF    FC2.0
0B6C:  CLRF   19
0B6E:  BTFSC  FF2.7
0B70:  BSF    19.7
0B72:  BCF    FF2.7
....................             /** 
....................       printf(lcd_putc,"\f"); 
....................       lcd_gotoxy(5,1); 
....................       printf(lcd_putc," UNEXPO"); 
....................       lcd_gotoxy(2,2); 
....................       printf(lcd_putc," BARQUISIMETO"); 
....................       delay_ms(3000); 
....................       printf(lcd_putc,"\f"); 
....................       lcd_gotoxy(0,1); 
....................       printf(lcd_putc," Daniela Canas"); 
....................       lcd_gotoxy(0,2); 
....................       printf(lcd_putc," [Developer]"); 
....................       delay_ms(1000); 
....................       printf(lcd_putc,"\f"); 
....................       lcd_gotoxy(0,1); 
....................       printf(lcd_putc," Gabriel Gimenez"); 
....................       lcd_gotoxy(0,2); 
....................       printf(lcd_putc," [Developer]"); 
....................       delay_ms(1000); 
....................       printf(lcd_putc,"\f"); 
....................       lcd_gotoxy(0,1); 
....................       printf(lcd_putc," Carlos Guedez"); 
....................       lcd_gotoxy(0,2); 
....................       printf(lcd_putc," [Developer]"); 
....................       delay_ms(1000); 
....................       printf(lcd_putc,"\f"); 
....................       lcd_gotoxy(0,1); 
....................       printf(lcd_putc," Carlos Zambrano"); 
....................       lcd_gotoxy(0,2); 
....................       printf(lcd_putc," [Tutor]"); 
....................       delay_ms(1000); 
....................       **/ 
....................        
.................... MENUPRINCIPAL: 
....................       while(true){ 
....................           printf(lcd_putc,"\f"); 
0B74:  MOVLW  0C
0B76:  MOVWF  5D
0B78:  CALL   029E
0B7C:  BTFSC  19.7
0B7E:  BSF    FF2.7
0B80:  CLRF   19
0B82:  BTFSC  FF2.7
0B84:  BSF    19.7
0B86:  BCF    FF2.7
....................           lcd_gotoxy(0,1); 
0B88:  CLRF   5E
0B8A:  MOVLW  01
0B8C:  MOVWF  5F
0B8E:  CALL   023C
0B92:  BTFSC  19.7
0B94:  BSF    FF2.7
....................           printf(lcd_putc," MENU PRINCIPAL"); 
0B96:  MOVLW  3E
0B98:  MOVWF  FF6
0B9A:  MOVLW  03
0B9C:  MOVWF  FF7
0B9E:  CLRF   19
0BA0:  BTFSC  FF2.7
0BA2:  BSF    19.7
0BA4:  BCF    FF2.7
0BA6:  CALL   02E0
0BAA:  BTFSC  19.7
0BAC:  BSF    FF2.7
0BAE:  CLRF   19
0BB0:  BTFSC  FF2.7
0BB2:  BSF    19.7
0BB4:  BCF    FF2.7
....................           lcd_gotoxy(0,2); 
0BB6:  CLRF   5E
0BB8:  MOVLW  02
0BBA:  MOVWF  5F
0BBC:  CALL   023C
0BC0:  BTFSC  19.7
0BC2:  BSF    FF2.7
....................           printf(lcd_putc," 1>AD620 3>NEXT"); 
0BC4:  MOVLW  4E
0BC6:  MOVWF  FF6
0BC8:  MOVLW  03
0BCA:  MOVWF  FF7
0BCC:  CLRF   19
0BCE:  BTFSC  FF2.7
0BD0:  BSF    19.7
0BD2:  BCF    FF2.7
0BD4:  CALL   02E0
0BD8:  BTFSC  19.7
0BDA:  BSF    FF2.7
....................           delay_ms(3000); 
0BDC:  MOVLW  0C
0BDE:  MOVWF  3F
0BE0:  MOVLW  FA
0BE2:  MOVWF  40
0BE4:  RCALL  05C2
0BE6:  DECFSZ 3F,F
0BE8:  BRA    0BE0
....................           if(Boton()==1){ 
0BEA:  RCALL  05EA
0BEC:  DECFSZ 01,W
0BEE:  BRA    0D18
....................                while(1){ 
....................                 set_adc_channel(0); 
0BF0:  MOVLW  00
0BF2:  MOVWF  01
0BF4:  MOVF   FC2,W
0BF6:  ANDLW  C3
0BF8:  IORWF  01,W
0BFA:  MOVWF  FC2
....................                 delay_us(20); 
0BFC:  MOVLW  06
0BFE:  MOVWF  00
0C00:  DECFSZ 00,F
0C02:  BRA    0C00
0C04:  NOP   
....................                 float valor_adc = read_adc(); 
....................                 float lectura= valor_adc*0.004886;  
....................                 float Lecturaad620=lectura; 
0C06:  BSF    FC2.1
0C08:  BTFSC  FC2.1
0C0A:  BRA    0C08
0C0C:  MOVFF  FC4,03
0C10:  MOVFF  FC3,3F
0C14:  MOVFF  FC4,40
0C18:  BRA    0620
0C1A:  MOVFF  03,36
0C1E:  MOVFF  02,35
0C22:  MOVFF  01,34
0C26:  MOVFF  00,33
0C2A:  MOVFF  36,4F
0C2E:  MOVFF  35,4E
0C32:  MOVFF  34,4D
0C36:  MOVFF  33,4C
0C3A:  MOVLW  BD
0C3C:  MOVWF  53
0C3E:  MOVLW  1A
0C40:  MOVWF  52
0C42:  MOVLW  20
0C44:  MOVWF  51
0C46:  MOVLW  77
0C48:  MOVWF  50
0C4A:  RCALL  0658
0C4C:  MOVFF  03,3A
0C50:  MOVFF  02,39
0C54:  MOVFF  01,38
0C58:  MOVFF  00,37
0C5C:  MOVFF  3A,3E
0C60:  MOVFF  39,3D
0C64:  MOVFF  38,3C
0C68:  MOVFF  37,3B
....................                 output_high(PIN_B0); // Colocar en alto pin B0  
0C6C:  BCF    F93.0
0C6E:  BSF    F8A.0
0C70:  CLRF   19
0C72:  BTFSC  FF2.7
0C74:  BSF    19.7
0C76:  BCF    FF2.7
....................                 //output_high(PIN_B1); 
....................                 printf(lcd_putc,"\f"); //Limpiar la pantalla 
0C78:  MOVLW  0C
0C7A:  MOVWF  5D
0C7C:  CALL   029E
0C80:  BTFSC  19.7
0C82:  BSF    FF2.7
0C84:  CLRF   19
0C86:  BTFSC  FF2.7
0C88:  BSF    19.7
0C8A:  BCF    FF2.7
....................                 lcd_gotoxy(0,1); 
0C8C:  CLRF   5E
0C8E:  MOVLW  01
0C90:  MOVWF  5F
0C92:  CALL   023C
0C96:  BTFSC  19.7
0C98:  BSF    FF2.7
....................                 printf(lcd_putc," AD620 Testing..."); //  escribir eso 
0C9A:  MOVLW  5E
0C9C:  MOVWF  FF6
0C9E:  MOVLW  03
0CA0:  MOVWF  FF7
0CA2:  CLRF   19
0CA4:  BTFSC  FF2.7
0CA6:  BSF    19.7
0CA8:  BCF    FF2.7
0CAA:  CALL   02E0
0CAE:  BTFSC  19.7
0CB0:  BSF    FF2.7
0CB2:  CLRF   19
0CB4:  BTFSC  FF2.7
0CB6:  BSF    19.7
0CB8:  BCF    FF2.7
....................                 lcd_gotoxy(0,2); 
0CBA:  CLRF   5E
0CBC:  MOVLW  02
0CBE:  MOVWF  5F
0CC0:  CALL   023C
0CC4:  BTFSC  19.7
0CC6:  BSF    FF2.7
....................                 //printf(lcd_putc,"\f"); 
....................                 printf(lcd_putc," V:%0.2f. 2>Ret",Lecturaad620); 
0CC8:  MOVLW  70
0CCA:  MOVWF  FF6
0CCC:  MOVLW  03
0CCE:  MOVWF  FF7
0CD0:  MOVLW  03
0CD2:  MOVWF  3F
0CD4:  RCALL  074A
0CD6:  MOVLW  C9
0CD8:  MOVWF  FE9
0CDA:  MOVFF  3E,42
0CDE:  MOVFF  3D,41
0CE2:  MOVFF  3C,40
0CE6:  MOVFF  3B,3F
0CEA:  MOVLW  02
0CEC:  MOVWF  43
0CEE:  BRA    0842
0CF0:  MOVLW  78
0CF2:  MOVWF  FF6
0CF4:  MOVLW  03
0CF6:  MOVWF  FF7
0CF8:  MOVLW  07
0CFA:  MOVWF  3F
0CFC:  RCALL  074A
....................                 delay_ms(1000); 
0CFE:  MOVLW  04
0D00:  MOVWF  3F
0D02:  MOVLW  FA
0D04:  MOVWF  40
0D06:  RCALL  05C2
0D08:  DECFSZ 3F,F
0D0A:  BRA    0D02
....................                 /** 
....................                 if(ad620Bueno==1){ 
....................                     lcd_gotoxy(0,2); 
....................                     printf(lcd_putc," 1>Buenardo 3>return"); 
....................                     delay_ms(3000); 
....................                     } 
....................                 else { 
....................                     lcd_gotoxy(0,2); 
....................                     printf(lcd_putc," 1>Dañao 3>return"); 
....................                     delay_ms(3000); 
....................                     } 
....................                 **/ 
....................                 if(Boton()==2){ 
0D0C:  RCALL  05EA
0D0E:  MOVF   01,W
0D10:  SUBLW  02
0D12:  BNZ   0D16
....................                         break; 
0D14:  BRA    0D18
....................                     } 
0D16:  BRA    0BF0
....................                 }      
....................              } 
....................            if(Boton()==3){ 
0D18:  RCALL  05EA
0D1A:  MOVF   01,W
0D1C:  SUBLW  03
0D1E:  BTFSS  FD8.2
0D20:  BRA    1310
0D22:  CLRF   19
0D24:  BTFSC  FF2.7
0D26:  BSF    19.7
0D28:  BCF    FF2.7
....................                while(1){ 
....................                   printf(lcd_putc,"\f"); 
0D2A:  MOVLW  0C
0D2C:  MOVWF  5D
0D2E:  CALL   029E
0D32:  BTFSC  19.7
0D34:  BSF    FF2.7
0D36:  CLRF   19
0D38:  BTFSC  FF2.7
0D3A:  BSF    19.7
0D3C:  BCF    FF2.7
....................                   lcd_gotoxy(0,1); 
0D3E:  CLRF   5E
0D40:  MOVLW  01
0D42:  MOVWF  5F
0D44:  CALL   023C
0D48:  BTFSC  19.7
0D4A:  BSF    FF2.7
....................                   printf(lcd_putc," 1>555 2>LM224"); 
0D4C:  MOVLW  80
0D4E:  MOVWF  FF6
0D50:  MOVLW  03
0D52:  MOVWF  FF7
0D54:  CLRF   19
0D56:  BTFSC  FF2.7
0D58:  BSF    19.7
0D5A:  BCF    FF2.7
0D5C:  CALL   02E0
0D60:  BTFSC  19.7
0D62:  BSF    FF2.7
0D64:  CLRF   19
0D66:  BTFSC  FF2.7
0D68:  BSF    19.7
0D6A:  BCF    FF2.7
....................                   lcd_gotoxy(0,2); 
0D6C:  CLRF   5E
0D6E:  MOVLW  02
0D70:  MOVWF  5F
0D72:  CALL   023C
0D76:  BTFSC  19.7
0D78:  BSF    FF2.7
....................                   printf(lcd_putc," 4>741 3>Pag.Sig."); 
0D7A:  MOVLW  90
0D7C:  MOVWF  FF6
0D7E:  MOVLW  03
0D80:  MOVWF  FF7
0D82:  CLRF   19
0D84:  BTFSC  FF2.7
0D86:  BSF    19.7
0D88:  BCF    FF2.7
0D8A:  CALL   02E0
0D8E:  BTFSC  19.7
0D90:  BSF    FF2.7
....................                   if(Boton()==1){ 
0D92:  RCALL  05EA
0D94:  DECFSZ 01,W
0D96:  BRA    0F8E
....................                         bandera_prueba_555 = 1; 
0D98:  BSF    2C.0
....................                         SET_TIMER0(valor_recarga); 
0D9A:  MOVFF  25,FD7
0D9E:  MOVFF  24,FD6
....................                         value=get_timer0(); 
0DA2:  MOVF   FD6,W
0DA4:  MOVWF  2D
0DA6:  MOVFF  FD7,2E
0DAA:  CLRF   2F
0DAC:  CLRF   30
....................                         ENABLE_INTERRUPTS(INT_RTCC); 
0DAE:  BSF    FF2.5
....................                         ENABLE_INTERRUPTS(INT_EXT2);// Habilita las interrupciones externas 
0DB0:  BSF    FF0.4
0DB2:  CLRF   19
0DB4:  BTFSC  FF2.7
0DB6:  BSF    19.7
0DB8:  BCF    FF2.7
....................                         printf(lcd_putc,"\f"); //Limpiar la pantalla 
0DBA:  MOVLW  0C
0DBC:  MOVWF  5D
0DBE:  CALL   029E
0DC2:  BTFSC  19.7
0DC4:  BSF    FF2.7
0DC6:  CLRF   19
0DC8:  BTFSC  FF2.7
0DCA:  BSF    19.7
0DCC:  BCF    FF2.7
....................                         lcd_gotoxy(0,1); 
0DCE:  CLRF   5E
0DD0:  MOVLW  01
0DD2:  MOVWF  5F
0DD4:  CALL   023C
0DD8:  BTFSC  19.7
0DDA:  BSF    FF2.7
....................                         printf(lcd_putc," 555 Testing..."); //  escribir eso 
0DDC:  MOVLW  A2
0DDE:  MOVWF  FF6
0DE0:  MOVLW  03
0DE2:  MOVWF  FF7
0DE4:  CLRF   19
0DE6:  BTFSC  FF2.7
0DE8:  BSF    19.7
0DEA:  BCF    FF2.7
0DEC:  CALL   02E0
0DF0:  BTFSC  19.7
0DF2:  BSF    FF2.7
0DF4:  CLRF   19
0DF6:  BTFSC  FF2.7
0DF8:  BSF    19.7
0DFA:  BCF    FF2.7
....................                         lcd_gotoxy(0,2); 
0DFC:  CLRF   5E
0DFE:  MOVLW  02
0E00:  MOVWF  5F
0E02:  CALL   023C
0E06:  BTFSC  19.7
0E08:  BSF    FF2.7
....................                         printf(lcd_putc," 2>Volver"); 
0E0A:  MOVLW  B2
0E0C:  MOVWF  FF6
0E0E:  MOVLW  03
0E10:  MOVWF  FF7
0E12:  CLRF   19
0E14:  BTFSC  FF2.7
0E16:  BSF    19.7
0E18:  BCF    FF2.7
0E1A:  CALL   02E0
0E1E:  BTFSC  19.7
0E20:  BSF    FF2.7
....................                              
....................                         while(bandera_prueba_555 == 1) { 
0E22:  BTFSS  2C.0
0E24:  BRA    0E34
....................                            if (Boton() == 2) { 
0E26:  CALL   05EA
0E2A:  MOVF   01,W
0E2C:  SUBLW  02
0E2E:  BNZ   0E32
....................                               break; 
0E30:  BRA    0E34
....................                            } 
0E32:  BRA    0E22
....................                         } 
....................                          
....................                         if (bandera_prueba_555 == 0) { 
0E34:  BTFSC  2C.0
0E36:  BRA    0F3C
....................                            if (bandera_estado_555 == 0) { 
0E38:  BTFSC  2C.1
0E3A:  BRA    0EBA
0E3C:  CLRF   19
0E3E:  BTFSC  FF2.7
0E40:  BSF    19.7
0E42:  BCF    FF2.7
....................                               printf(lcd_putc,"\f"); //Limpiar la pantalla 
0E44:  MOVLW  0C
0E46:  MOVWF  5D
0E48:  CALL   029E
0E4C:  BTFSC  19.7
0E4E:  BSF    FF2.7
0E50:  CLRF   19
0E52:  BTFSC  FF2.7
0E54:  BSF    19.7
0E56:  BCF    FF2.7
....................                               lcd_gotoxy(0,1); 
0E58:  CLRF   5E
0E5A:  MOVLW  01
0E5C:  MOVWF  5F
0E5E:  CALL   023C
0E62:  BTFSC  19.7
0E64:  BSF    FF2.7
....................                               printf(lcd_putc,"Malo %i", pulsos_555); //  escribir eso 
0E66:  MOVLW  BC
0E68:  MOVWF  FF6
0E6A:  MOVLW  03
0E6C:  MOVWF  FF7
0E6E:  MOVLW  05
0E70:  MOVWF  3F
0E72:  RCALL  074A
0E74:  MOVFF  2B,3F
0E78:  MOVLW  18
0E7A:  MOVWF  40
0E7C:  RCALL  0A14
0E7E:  CLRF   19
0E80:  BTFSC  FF2.7
0E82:  BSF    19.7
0E84:  BCF    FF2.7
....................                               lcd_gotoxy(0,2); 
0E86:  CLRF   5E
0E88:  MOVLW  02
0E8A:  MOVWF  5F
0E8C:  CALL   023C
0E90:  BTFSC  19.7
0E92:  BSF    FF2.7
....................                               printf(lcd_putc," 2>Volver"); 
0E94:  MOVLW  C4
0E96:  MOVWF  FF6
0E98:  MOVLW  03
0E9A:  MOVWF  FF7
0E9C:  CLRF   19
0E9E:  BTFSC  FF2.7
0EA0:  BSF    19.7
0EA2:  BCF    FF2.7
0EA4:  CALL   02E0
0EA8:  BTFSC  19.7
0EAA:  BSF    FF2.7
....................                               while(1) { 
....................                                  if(Boton() == 2) { 
0EAC:  CALL   05EA
0EB0:  MOVF   01,W
0EB2:  SUBLW  02
0EB4:  BNZ   0EB8
....................                                     break; 
0EB6:  BRA    0EBA
....................                                  } 
0EB8:  BRA    0EAC
....................                               } 
....................                            } 
....................                             
....................                            if (bandera_estado_555 == 1) { 
0EBA:  BTFSS  2C.1
0EBC:  BRA    0F3C
0EBE:  CLRF   19
0EC0:  BTFSC  FF2.7
0EC2:  BSF    19.7
0EC4:  BCF    FF2.7
....................                               printf(lcd_putc,"\f"); //Limpiar la pantalla 
0EC6:  MOVLW  0C
0EC8:  MOVWF  5D
0ECA:  CALL   029E
0ECE:  BTFSC  19.7
0ED0:  BSF    FF2.7
0ED2:  CLRF   19
0ED4:  BTFSC  FF2.7
0ED6:  BSF    19.7
0ED8:  BCF    FF2.7
....................                               lcd_gotoxy(0,1); 
0EDA:  CLRF   5E
0EDC:  MOVLW  01
0EDE:  MOVWF  5F
0EE0:  CALL   023C
0EE4:  BTFSC  19.7
0EE6:  BSF    FF2.7
....................                               printf(lcd_putc,"Bueno %i", pulsos_555); //  escribir eso 
0EE8:  MOVLW  CE
0EEA:  MOVWF  FF6
0EEC:  MOVLW  03
0EEE:  MOVWF  FF7
0EF0:  MOVLW  06
0EF2:  MOVWF  3F
0EF4:  RCALL  074A
0EF6:  MOVFF  2B,3F
0EFA:  MOVLW  18
0EFC:  MOVWF  40
0EFE:  RCALL  0A14
0F00:  CLRF   19
0F02:  BTFSC  FF2.7
0F04:  BSF    19.7
0F06:  BCF    FF2.7
....................                               lcd_gotoxy(0,2); 
0F08:  CLRF   5E
0F0A:  MOVLW  02
0F0C:  MOVWF  5F
0F0E:  CALL   023C
0F12:  BTFSC  19.7
0F14:  BSF    FF2.7
....................                               printf(lcd_putc," 2>Volver"); 
0F16:  MOVLW  D8
0F18:  MOVWF  FF6
0F1A:  MOVLW  03
0F1C:  MOVWF  FF7
0F1E:  CLRF   19
0F20:  BTFSC  FF2.7
0F22:  BSF    19.7
0F24:  BCF    FF2.7
0F26:  CALL   02E0
0F2A:  BTFSC  19.7
0F2C:  BSF    FF2.7
....................                               while(1) { 
....................                                  if(Boton() == 2) { 
0F2E:  CALL   05EA
0F32:  MOVF   01,W
0F34:  SUBLW  02
0F36:  BNZ   0F3A
....................                                     break; 
0F38:  BRA    0F3C
....................                                  } 
0F3A:  BRA    0F2E
0F3C:  CLRF   19
0F3E:  BTFSC  FF2.7
0F40:  BSF    19.7
0F42:  BCF    FF2.7
....................                               } 
....................                            } 
....................                         } 
....................                         printf(lcd_putc,"\f"); //Limpiar la pantalla 
0F44:  MOVLW  0C
0F46:  MOVWF  5D
0F48:  CALL   029E
0F4C:  BTFSC  19.7
0F4E:  BSF    FF2.7
0F50:  CLRF   19
0F52:  BTFSC  FF2.7
0F54:  BSF    19.7
0F56:  BCF    FF2.7
....................                         lcd_gotoxy(0,2); 
0F58:  CLRF   5E
0F5A:  MOVLW  02
0F5C:  MOVWF  5F
0F5E:  CALL   023C
0F62:  BTFSC  19.7
0F64:  BSF    FF2.7
....................                         printf(lcd_putc," Regresando..."); 
0F66:  MOVLW  E2
0F68:  MOVWF  FF6
0F6A:  MOVLW  03
0F6C:  MOVWF  FF7
0F6E:  CLRF   19
0F70:  BTFSC  FF2.7
0F72:  BSF    19.7
0F74:  BCF    FF2.7
0F76:  CALL   02E0
0F7A:  BTFSC  19.7
0F7C:  BSF    FF2.7
....................                         delay_ms(1000); 
0F7E:  MOVLW  04
0F80:  MOVWF  3F
0F82:  MOVLW  FA
0F84:  MOVWF  40
0F86:  CALL   05C2
0F8A:  DECFSZ 3F,F
0F8C:  BRA    0F82
....................                      } 
....................                       
....................                   
....................                    
....................                   if(Boton()==2){ 
0F8E:  CALL   05EA
0F92:  MOVF   01,W
0F94:  SUBLW  02
0F96:  BNZ   1080
....................                         while(1){ 
....................                             output_high(PIN_B2); // Colocar en alto pin B0  
0F98:  BCF    F93.2
0F9A:  BSF    F8A.2
0F9C:  CLRF   19
0F9E:  BTFSC  FF2.7
0FA0:  BSF    19.7
0FA2:  BCF    FF2.7
....................                             printf(lcd_putc,"\f"); //Limpiar la pantalla 
0FA4:  MOVLW  0C
0FA6:  MOVWF  5D
0FA8:  CALL   029E
0FAC:  BTFSC  19.7
0FAE:  BSF    FF2.7
0FB0:  CLRF   19
0FB2:  BTFSC  FF2.7
0FB4:  BSF    19.7
0FB6:  BCF    FF2.7
....................                             lcd_gotoxy(0,1); 
0FB8:  CLRF   5E
0FBA:  MOVLW  01
0FBC:  MOVWF  5F
0FBE:  CALL   023C
0FC2:  BTFSC  19.7
0FC4:  BSF    FF2.7
....................                             printf(lcd_putc," LM224 Testing..."); //  escribir eso 
0FC6:  MOVLW  F2
0FC8:  MOVWF  FF6
0FCA:  MOVLW  03
0FCC:  MOVWF  FF7
0FCE:  CLRF   19
0FD0:  BTFSC  FF2.7
0FD2:  BSF    19.7
0FD4:  BCF    FF2.7
0FD6:  CALL   02E0
0FDA:  BTFSC  19.7
0FDC:  BSF    FF2.7
0FDE:  CLRF   19
0FE0:  BTFSC  FF2.7
0FE2:  BSF    19.7
0FE4:  BCF    FF2.7
....................                             lcd_gotoxy(0,2); 
0FE6:  CLRF   5E
0FE8:  MOVLW  02
0FEA:  MOVWF  5F
0FEC:  CALL   023C
0FF0:  BTFSC  19.7
0FF2:  BSF    FF2.7
....................                             printf(lcd_putc," 2>Volver"); 
0FF4:  MOVLW  04
0FF6:  MOVWF  FF6
0FF8:  MOVLW  04
0FFA:  MOVWF  FF7
0FFC:  CLRF   19
0FFE:  BTFSC  FF2.7
1000:  BSF    19.7
1002:  BCF    FF2.7
1004:  CALL   02E0
1008:  BTFSC  19.7
100A:  BSF    FF2.7
....................                             delay_ms(1000); 
100C:  MOVLW  04
100E:  MOVWF  3F
1010:  MOVLW  FA
1012:  MOVWF  40
1014:  CALL   05C2
1018:  DECFSZ 3F,F
101A:  BRA    1010
....................                             if(Boton()==2){ 
101C:  CALL   05EA
1020:  MOVF   01,W
1022:  SUBLW  02
1024:  BNZ   107E
....................                                 output_low(PIN_B2); // Colocar en bajo pin B0 
1026:  BCF    F93.2
1028:  BCF    F8A.2
102A:  CLRF   19
102C:  BTFSC  FF2.7
102E:  BSF    19.7
1030:  BCF    FF2.7
....................                                 printf(lcd_putc,"\f"); //Limpiar la pantalla 
1032:  MOVLW  0C
1034:  MOVWF  5D
1036:  CALL   029E
103A:  BTFSC  19.7
103C:  BSF    FF2.7
103E:  CLRF   19
1040:  BTFSC  FF2.7
1042:  BSF    19.7
1044:  BCF    FF2.7
....................                                 lcd_gotoxy(0,2); 
1046:  CLRF   5E
1048:  MOVLW  02
104A:  MOVWF  5F
104C:  CALL   023C
1050:  BTFSC  19.7
1052:  BSF    FF2.7
....................                                 printf(lcd_putc," Regresando..."); 
1054:  MOVLW  0E
1056:  MOVWF  FF6
1058:  MOVLW  04
105A:  MOVWF  FF7
105C:  CLRF   19
105E:  BTFSC  FF2.7
1060:  BSF    19.7
1062:  BCF    FF2.7
1064:  CALL   02E0
1068:  BTFSC  19.7
106A:  BSF    FF2.7
....................                                 delay_ms(1000); 
106C:  MOVLW  04
106E:  MOVWF  3F
1070:  MOVLW  FA
1072:  MOVWF  40
1074:  CALL   05C2
1078:  DECFSZ 3F,F
107A:  BRA    1070
....................                                 break; 
107C:  BRA    1080
....................                             } 
107E:  BRA    0F98
....................                         }  
....................                   }   
....................                   delay_ms(3000); 
1080:  MOVLW  0C
1082:  MOVWF  3F
1084:  MOVLW  FA
1086:  MOVWF  40
1088:  CALL   05C2
108C:  DECFSZ 3F,F
108E:  BRA    1084
....................                   if(Boton()==4){ 
1090:  CALL   05EA
1094:  MOVF   01,W
1096:  SUBLW  04
1098:  BNZ   1182
....................                         while(1){ 
....................                         output_high(PIN_B1); // Colocar en alto pin B0  
109A:  BCF    F93.1
109C:  BSF    F8A.1
109E:  CLRF   19
10A0:  BTFSC  FF2.7
10A2:  BSF    19.7
10A4:  BCF    FF2.7
....................                         printf(lcd_putc,"\f"); //Limpiar la pantalla 
10A6:  MOVLW  0C
10A8:  MOVWF  5D
10AA:  CALL   029E
10AE:  BTFSC  19.7
10B0:  BSF    FF2.7
10B2:  CLRF   19
10B4:  BTFSC  FF2.7
10B6:  BSF    19.7
10B8:  BCF    FF2.7
....................                         lcd_gotoxy(0,1); 
10BA:  CLRF   5E
10BC:  MOVLW  01
10BE:  MOVWF  5F
10C0:  CALL   023C
10C4:  BTFSC  19.7
10C6:  BSF    FF2.7
....................                         printf(lcd_putc," 741 Testing..."); //  escribir eso 
10C8:  MOVLW  1E
10CA:  MOVWF  FF6
10CC:  MOVLW  04
10CE:  MOVWF  FF7
10D0:  CLRF   19
10D2:  BTFSC  FF2.7
10D4:  BSF    19.7
10D6:  BCF    FF2.7
10D8:  CALL   02E0
10DC:  BTFSC  19.7
10DE:  BSF    FF2.7
10E0:  CLRF   19
10E2:  BTFSC  FF2.7
10E4:  BSF    19.7
10E6:  BCF    FF2.7
....................                         lcd_gotoxy(0,2); 
10E8:  CLRF   5E
10EA:  MOVLW  02
10EC:  MOVWF  5F
10EE:  CALL   023C
10F2:  BTFSC  19.7
10F4:  BSF    FF2.7
....................                         printf(lcd_putc," 2>Volver"); 
10F6:  MOVLW  2E
10F8:  MOVWF  FF6
10FA:  MOVLW  04
10FC:  MOVWF  FF7
10FE:  CLRF   19
1100:  BTFSC  FF2.7
1102:  BSF    19.7
1104:  BCF    FF2.7
1106:  CALL   02E0
110A:  BTFSC  19.7
110C:  BSF    FF2.7
....................                         delay_ms(1000); 
110E:  MOVLW  04
1110:  MOVWF  3F
1112:  MOVLW  FA
1114:  MOVWF  40
1116:  CALL   05C2
111A:  DECFSZ 3F,F
111C:  BRA    1112
....................                             if(Boton()==2){ 
111E:  CALL   05EA
1122:  MOVF   01,W
1124:  SUBLW  02
1126:  BNZ   1180
....................                                 output_low(PIN_B1); // Colocar en bajo pin B0 
1128:  BCF    F93.1
112A:  BCF    F8A.1
112C:  CLRF   19
112E:  BTFSC  FF2.7
1130:  BSF    19.7
1132:  BCF    FF2.7
....................                                 printf(lcd_putc,"\f"); //Limpiar la pantalla 
1134:  MOVLW  0C
1136:  MOVWF  5D
1138:  CALL   029E
113C:  BTFSC  19.7
113E:  BSF    FF2.7
1140:  CLRF   19
1142:  BTFSC  FF2.7
1144:  BSF    19.7
1146:  BCF    FF2.7
....................                                 lcd_gotoxy(0,2); 
1148:  CLRF   5E
114A:  MOVLW  02
114C:  MOVWF  5F
114E:  CALL   023C
1152:  BTFSC  19.7
1154:  BSF    FF2.7
....................                                 printf(lcd_putc," Regresando..."); 
1156:  MOVLW  38
1158:  MOVWF  FF6
115A:  MOVLW  04
115C:  MOVWF  FF7
115E:  CLRF   19
1160:  BTFSC  FF2.7
1162:  BSF    19.7
1164:  BCF    FF2.7
1166:  CALL   02E0
116A:  BTFSC  19.7
116C:  BSF    FF2.7
....................                                 delay_ms(1000); 
116E:  MOVLW  04
1170:  MOVWF  3F
1172:  MOVLW  FA
1174:  MOVWF  40
1176:  CALL   05C2
117A:  DECFSZ 3F,F
117C:  BRA    1172
....................                                 break; 
117E:  BRA    1182
....................                             } 
1180:  BRA    109A
....................                         }    
....................                     } 
....................                   if(Boton()==3){ 
1182:  CALL   05EA
1186:  MOVF   01,W
1188:  SUBLW  03
118A:  BTFSS  FD8.2
118C:  BRA    130E
118E:  CLRF   19
1190:  BTFSC  FF2.7
1192:  BSF    19.7
1194:  BCF    FF2.7
....................                         while(1){ 
....................                         printf(lcd_putc,"\f"); 
1196:  MOVLW  0C
1198:  MOVWF  5D
119A:  CALL   029E
119E:  BTFSC  19.7
11A0:  BSF    FF2.7
11A2:  CLRF   19
11A4:  BTFSC  FF2.7
11A6:  BSF    19.7
11A8:  BCF    FF2.7
....................                         lcd_gotoxy(0,1); 
11AA:  CLRF   5E
11AC:  MOVLW  01
11AE:  MOVWF  5F
11B0:  CALL   023C
11B4:  BTFSC  19.7
11B6:  BSF    FF2.7
....................                         printf(lcd_putc," 1>LM358 2>LM348"); 
11B8:  MOVLW  48
11BA:  MOVWF  FF6
11BC:  MOVLW  04
11BE:  MOVWF  FF7
11C0:  CLRF   19
11C2:  BTFSC  FF2.7
11C4:  BSF    19.7
11C6:  BCF    FF2.7
11C8:  CALL   02E0
11CC:  BTFSC  19.7
11CE:  BSF    FF2.7
11D0:  CLRF   19
11D2:  BTFSC  FF2.7
11D4:  BSF    19.7
11D6:  BCF    FF2.7
....................                         lcd_gotoxy(0,2); 
11D8:  CLRF   5E
11DA:  MOVLW  02
11DC:  MOVWF  5F
11DE:  CALL   023C
11E2:  BTFSC  19.7
11E4:  BSF    FF2.7
....................                         printf(lcd_putc," 4>LM324 3>RETURN"); 
11E6:  MOVLW  5A
11E8:  MOVWF  FF6
11EA:  MOVLW  04
11EC:  MOVWF  FF7
11EE:  CLRF   19
11F0:  BTFSC  FF2.7
11F2:  BSF    19.7
11F4:  BCF    FF2.7
11F6:  CALL   02E0
11FA:  BTFSC  19.7
11FC:  BSF    FF2.7
....................                         delay_ms(3000); 
11FE:  MOVLW  0C
1200:  MOVWF  3F
1202:  MOVLW  FA
1204:  MOVWF  40
1206:  CALL   05C2
120A:  DECFSZ 3F,F
120C:  BRA    1202
....................                         if(Boton()==4){ 
120E:  CALL   05EA
1212:  MOVF   01,W
1214:  SUBLW  04
1216:  BNZ   1300
....................                             while(1){ 
....................                             output_high(PIN_B2); // Colocar en alto pin B0  
1218:  BCF    F93.2
121A:  BSF    F8A.2
121C:  CLRF   19
121E:  BTFSC  FF2.7
1220:  BSF    19.7
1222:  BCF    FF2.7
....................                             printf(lcd_putc,"\f"); //Limpiar la pantalla 
1224:  MOVLW  0C
1226:  MOVWF  5D
1228:  CALL   029E
122C:  BTFSC  19.7
122E:  BSF    FF2.7
1230:  CLRF   19
1232:  BTFSC  FF2.7
1234:  BSF    19.7
1236:  BCF    FF2.7
....................                             lcd_gotoxy(0,1); 
1238:  CLRF   5E
123A:  MOVLW  01
123C:  MOVWF  5F
123E:  CALL   023C
1242:  BTFSC  19.7
1244:  BSF    FF2.7
....................                             printf(lcd_putc," LM324 Testing..."); //  escribir eso 
1246:  MOVLW  6C
1248:  MOVWF  FF6
124A:  MOVLW  04
124C:  MOVWF  FF7
124E:  CLRF   19
1250:  BTFSC  FF2.7
1252:  BSF    19.7
1254:  BCF    FF2.7
1256:  CALL   02E0
125A:  BTFSC  19.7
125C:  BSF    FF2.7
125E:  CLRF   19
1260:  BTFSC  FF2.7
1262:  BSF    19.7
1264:  BCF    FF2.7
....................                             lcd_gotoxy(0,2); 
1266:  CLRF   5E
1268:  MOVLW  02
126A:  MOVWF  5F
126C:  CALL   023C
1270:  BTFSC  19.7
1272:  BSF    FF2.7
....................                             printf(lcd_putc," 2>Volver"); 
1274:  MOVLW  7E
1276:  MOVWF  FF6
1278:  MOVLW  04
127A:  MOVWF  FF7
127C:  CLRF   19
127E:  BTFSC  FF2.7
1280:  BSF    19.7
1282:  BCF    FF2.7
1284:  CALL   02E0
1288:  BTFSC  19.7
128A:  BSF    FF2.7
....................                             delay_ms(1000); 
128C:  MOVLW  04
128E:  MOVWF  3F
1290:  MOVLW  FA
1292:  MOVWF  40
1294:  CALL   05C2
1298:  DECFSZ 3F,F
129A:  BRA    1290
....................                                     if(Boton()==2){ 
129C:  CALL   05EA
12A0:  MOVF   01,W
12A2:  SUBLW  02
12A4:  BNZ   12FE
....................                                         output_low(PIN_B2); // Colocar en bajo pin B0 
12A6:  BCF    F93.2
12A8:  BCF    F8A.2
12AA:  CLRF   19
12AC:  BTFSC  FF2.7
12AE:  BSF    19.7
12B0:  BCF    FF2.7
....................                                         printf(lcd_putc,"\f"); //Limpiar la pantalla 
12B2:  MOVLW  0C
12B4:  MOVWF  5D
12B6:  CALL   029E
12BA:  BTFSC  19.7
12BC:  BSF    FF2.7
12BE:  CLRF   19
12C0:  BTFSC  FF2.7
12C2:  BSF    19.7
12C4:  BCF    FF2.7
....................                                         lcd_gotoxy(0,2); 
12C6:  CLRF   5E
12C8:  MOVLW  02
12CA:  MOVWF  5F
12CC:  CALL   023C
12D0:  BTFSC  19.7
12D2:  BSF    FF2.7
....................                                         printf(lcd_putc," Regresando..."); 
12D4:  MOVLW  88
12D6:  MOVWF  FF6
12D8:  MOVLW  04
12DA:  MOVWF  FF7
12DC:  CLRF   19
12DE:  BTFSC  FF2.7
12E0:  BSF    19.7
12E2:  BCF    FF2.7
12E4:  CALL   02E0
12E8:  BTFSC  19.7
12EA:  BSF    FF2.7
....................                                         delay_ms(1000); 
12EC:  MOVLW  04
12EE:  MOVWF  3F
12F0:  MOVLW  FA
12F2:  MOVWF  40
12F4:  CALL   05C2
12F8:  DECFSZ 3F,F
12FA:  BRA    12F0
....................                                         break; 
12FC:  BRA    1300
....................                                     } 
12FE:  BRA    1218
....................                             }    
....................                         } 
....................                         if(Boton()==3){ 
1300:  CALL   05EA
1304:  MOVF   01,W
1306:  SUBLW  03
1308:  BNZ   130C
....................                             goto MENUPRINCIPAL; 
130A:  BRA    0B6C
....................                         } 
130C:  BRA    118E
....................                     } 
....................                 }            
130E:  BRA    0D22
....................             } 
....................          } 
1310:  BRA    0B6C
....................       }            
1312:  BRA    0B30
....................    } 
.................... } 
1314:  SLEEP 

Configuration Fuses:
   Word  1: C93F   PLL12 CPUDIV4 USBDIV INTRC FCMEN IESO
   Word  2: 1E3E   PUT BROWNOUT BORV21 VREGEN NOWDT WDT32768
   Word  3: 8700   CCP2C1 PBADEN LPT1OSC MCLR
   Word  4: 00A1   STVREN NOLVP ICSP2 NOXINST NODEBUG
   Word  5: C00F   NOPROTECT NOCPB NOCPD
   Word  6: E00F   NOWRT NOWRTC NOWRTB NOWRTD
   Word  7: 400F   NOEBTR NOEBTRB
